// Jest Snapshot v1, https://goo.gl/fbAQLP

exports[`Skills page renders correctly with props 1`] = `
<section
  className="skills"
>
  <Container>
    <Heading
      className="title"
      level={1}
    >
      Навыки
    </Heading>
    <div
      className="content"
    >
      <div
        className="contentBlock"
        key="0"
      >
        <Heading
          className="contentTitle"
          level={2}
        >
          Структура документа
        </Heading>
        <div
          className="wrapper"
        >
          <div
            className="block"
            key="0"
          >
            <img
              alt="HTML"
              className="image"
              src="html.svg"
            />
            <Heading
              className="blockTitle"
              level={3}
            >
              HTML
            </Heading>
            <p
              className="text"
            >
              Язык разметки для создания структуры веб-страниц и электронных писем
            </p>
          </div>
          <div
            className="block"
            key="1"
          >
            <img
              alt="Pug"
              className="image"
              src="pug.svg"
            />
            <Heading
              className="blockTitle"
              level={3}
            >
              Pug
            </Heading>
            <p
              className="text"
            >
              Препроцессор HTML и шаблонизатор
            </p>
          </div>
        </div>
      </div>
      <div
        className="contentBlock"
        key="1"
      >
        <Heading
          className="contentTitle"
          level={2}
        >
          Внешний вид документа
        </Heading>
        <div
          className="wrapper"
        >
          <div
            className="block"
            key="0"
          >
            <img
              alt="CSS"
              className="image"
              src="css.svg"
            />
            <Heading
              className="blockTitle"
              level={3}
            >
              CSS
            </Heading>
            <p
              className="text"
            >
              Формальный язык, используемый для описания внешнего вида документа
            </p>
          </div>
          <div
            className="block"
            key="1"
          >
            <img
              alt="Sass"
              className="image"
              src="sass.svg"
            />
            <Heading
              className="blockTitle"
              level={3}
            >
              Sass
            </Heading>
            <p
              className="text"
            >
              Метаязык на основе CSS, предназначенный для повышения уровня абстракции кода CSS и упрощения файлов CSS
            </p>
          </div>
          <div
            className="block"
            key="2"
          >
            <img
              alt="Bootstrap"
              className="image"
              src="bootstrap.svg"
            />
            <Heading
              className="blockTitle"
              level={3}
            >
              Bootstrap
            </Heading>
            <p
              className="text"
            >
              Фреймворк HTML / CSS / JS для быстрого создания современных адаптивных веб-сайтов
            </p>
          </div>
          <div
            className="block"
            key="3"
          >
            <img
              alt="БЭМ"
              className="image"
              src="bem.svg"
            />
            <Heading
              className="blockTitle"
              level={3}
            >
              БЭМ
            </Heading>
            <p
              className="text"
            >
              Методология веб-разработки, а также набор интерфейсных библиотек, фреймворков и вспомогательных инструментов
            </p>
          </div>
        </div>
      </div>
      <div
        className="contentBlock"
        key="2"
      >
        <Heading
          className="contentTitle"
          level={2}
        >
          Языки программирования
        </Heading>
        <div
          className="wrapper"
        >
          <div
            className="block"
            key="0"
          >
            <img
              alt="JavaScript"
              className="image"
              src="javascript.svg"
            />
            <Heading
              className="blockTitle"
              level={3}
            >
              JavaScript
            </Heading>
            <p
              className="text"
            >
              Динамический язык программирования, который применяется к HTML-документу и может обеспечивать динамическую интерактивность на веб-сайтах
            </p>
          </div>
          <div
            className="block"
            key="1"
          >
            <img
              alt="TypeScript"
              className="image"
              src="typescript.svg"
            />
            <Heading
              className="blockTitle"
              level={3}
            >
              TypeScript
            </Heading>
            <p
              className="text"
            >
              Строго типизированный язык программирования, который добавляет синтаксические преимущества языку Javascript
            </p>
          </div>
          <div
            className="block"
            key="2"
          >
            <img
              alt="PHP"
              className="image"
              src="php.svg"
            />
            <Heading
              className="blockTitle"
              level={3}
            >
              PHP
            </Heading>
            <p
              className="text"
            >
              Скриптовый, интерпретируемый язык программирования, специально разработанный для написания веб-приложений (скриптов), запускаемых на веб-сервере
            </p>
          </div>
        </div>
      </div>
      <div
        className="contentBlock"
        key="3"
      >
        <Heading
          className="contentTitle"
          level={2}
        >
          Библиотеки
        </Heading>
        <div
          className="wrapper"
        >
          <div
            className="block"
            key="0"
          >
            <img
              alt="jQuery"
              className="image"
              src="jquery.svg"
            />
            <Heading
              className="blockTitle"
              level={3}
            >
              jQuery
            </Heading>
            <p
              className="text"
            >
              Быстрая, небольшая и многофункциональная библиотека JavaScript
            </p>
          </div>
          <div
            className="block"
            key="1"
          >
            <img
              alt="React"
              className="image"
              src="react.svg"
            />
            <Heading
              className="blockTitle"
              level={3}
            >
              React
            </Heading>
            <p
              className="text"
            >
              Библиотека JavaScript для создания пользовательских интерфейсов
            </p>
          </div>
          <div
            className="block"
            key="2"
          >
            <img
              alt="Redux"
              className="image"
              src="redux.svg"
            />
            <Heading
              className="blockTitle"
              level={3}
            >
              Redux
            </Heading>
            <p
              className="text"
            >
              Библиотека для управления состоянием приложения
            </p>
          </div>
          <div
            className="block"
            key="3"
          >
            <img
              alt="MobX"
              className="image"
              src="mobx.svg"
            />
            <Heading
              className="blockTitle"
              level={3}
            >
              MobX
            </Heading>
            <p
              className="text"
            >
              Простое масштабируемое управление состоянием
            </p>
          </div>
          <div
            className="block"
            key="4"
          >
            <img
              alt="Material UI"
              className="image"
              src="material.svg"
            />
            <Heading
              className="blockTitle"
              level={3}
            >
              Material UI
            </Heading>
            <p
              className="text"
            >
              Компоненты React для более быстрой и простой веб-разработки
            </p>
          </div>
        </div>
      </div>
      <div
        className="contentBlock"
        key="4"
      >
        <Heading
          className="contentTitle"
          level={2}
        >
          Инструменты
        </Heading>
        <div
          className="wrapper"
        >
          <div
            className="block"
            key="0"
          >
            <img
              alt="NPM"
              className="image"
              src="npm.svg"
            />
            <Heading
              className="blockTitle"
              level={3}
            >
              NPM
            </Heading>
            <p
              className="text"
            >
              Менеджер пакетов, включенный в Node.js
            </p>
          </div>
          <div
            className="block"
            key="1"
          >
            <img
              alt="Gulp"
              className="image"
              src="gulp.svg"
            />
            <Heading
              className="blockTitle"
              level={3}
            >
              Gulp
            </Heading>
            <p
              className="text"
            >
              Набор инструментов для автоматизации и улучшения рабочего процесса
            </p>
          </div>
          <div
            className="block"
            key="2"
          >
            <img
              alt="Webpack"
              className="image"
              src="webpack.svg"
            />
            <Heading
              className="blockTitle"
              level={3}
            >
              Webpack
            </Heading>
            <p
              className="text"
            >
              Сборщик модулей
            </p>
          </div>
        </div>
      </div>
      <div
        className="contentBlock"
        key="5"
      >
        <Heading
          className="contentTitle"
          level={2}
        >
          Другое
        </Heading>
        <div
          className="wrapper"
        >
          <div
            className="block"
            key="0"
          >
            <img
              alt="Git"
              className="image"
              src="git.svg"
            />
            <Heading
              className="blockTitle"
              level={3}
            >
              Git
            </Heading>
            <p
              className="text"
            >
              Бесплатная распределенная система контроля версий с открытым исходным кодом
            </p>
          </div>
          <div
            className="block"
            key="1"
          >
            <img
              alt="MySQL"
              className="image"
              src="mysql.svg"
            />
            <Heading
              className="blockTitle"
              level={3}
            >
              MySQL
            </Heading>
            <p
              className="text"
            >
              Бесплатная система управления реляционными базами данных
            </p>
          </div>
        </div>
      </div>
    </div>
    <p
      className="desc"
    >
      * И другие популярные технологии, такие как React Router, Styled Components, Redux ContactForm, React Transition Group и другие.
    </p>
  </Container>
</section>
`;
