// Jest Snapshot v1, https://goo.gl/fbAQLP

exports[`Info component renders correctly with items 1`] = `
<div
  className="info"
>
  <div
    className="block"
    key="0"
  >
    <img
      alt="Info"
      className="image"
      src="../images/info/1"
    />
    <a
      className="text"
      href="/path"
    >
      Test
    </a>
  </div>
  <div
    className="block"
    key="1"
  >
    <img
      alt="Info"
      className="image"
      src="../images/info/2"
    />
    <a
      className="text"
      href="/link"
    >
      Test 2
    </a>
  </div>
  <div
    className="block"
    key="2"
  >
    <img
      alt="Info"
      className="image"
      src="../images/info/3"
    />
    <span
      className="text"
    >
      Test 3
    </span>
  </div>
</div>
`;
