// Jest Snapshot v1, https://goo.gl/fbAQLP

exports[`User component renders correctly with props 1`] = `
<div
  className="user"
>
  <img
    alt="Avatar"
    className="avatar"
    src="../images/1"
  />
  <Heading
    className="title"
    level={3}
  >
    John Doe
  </Heading>
  <p
    className="position"
  >
    QA Engineer
  </p>
</div>
`;
